// Jest Snapshot v1, https://goo.gl/fbAQLP

exports[`Render Navigation component 1`] = `
<section
  id="Navigation"
>
  <Connect(HomeButton) />
  <DesktopNavigation
    links={
      Array [
        Object {
          "href": "/standard-degree",
          "internal": true,
          "sublinks": Array [
            Object {
              "href": "/standard-degree#CSBasics",
              "internal": true,
              "text": "CS Basics",
            },
            Object {
              "href": "/standard-degree#Programming",
              "internal": true,
              "text": "Programming",
            },
            Object {
              "href": "/standard-degree#Math",
              "internal": true,
              "text": "Math",
            },
            Object {
              "href": "/standard-degree#Systems",
              "internal": true,
              "text": "Systems",
            },
            Object {
              "href": "/standard-degree#Theory",
              "internal": true,
              "text": "Theory",
            },
            Object {
              "href": "/standard-degree#Applications",
              "internal": true,
              "text": "Applications",
            },
            Object {
              "href": "/standard-degree#Unix",
              "internal": true,
              "text": "Unix",
            },
          ],
          "text": "Standard Degree",
        },
        Object {
          "href": "/python-degree",
          "internal": true,
          "sublinks": Array [
            Object {
              "href": "/standard-degree#CSBasics",
              "internal": true,
              "text": "CS Basics",
            },
            Object {
              "href": "/standard-degree#Programming",
              "internal": true,
              "text": "Programming",
            },
            Object {
              "href": "/standard-degree#Programming(alternative)",
              "internal": true,
              "text": "Programming (alternate)",
            },
            Object {
              "href": "/standard-degree#Math",
              "internal": true,
              "text": "Math",
            },
            Object {
              "href": "/standard-degree#DataScience",
              "internal": true,
              "text": "Data Science",
            },
            Object {
              "href": "/standard-degree#Systems",
              "internal": true,
              "text": "Systems",
            },
            Object {
              "href": "/standard-degree#Theory",
              "internal": true,
              "text": "Theory",
            },
            Object {
              "href": "/standard-degree#Applications",
              "internal": true,
              "text": "Applications",
            },
            Object {
              "href": "/standard-degree#Unix",
              "internal": true,
              "text": "Unix",
            },
          ],
          "text": "Python Degree",
        },
      ]
    }
  />
  <Connect(MobileNavigation)
    links={
      Array [
        Object {
          "href": "/standard-degree",
          "internal": true,
          "sublinks": Array [
            Object {
              "href": "/standard-degree#CSBasics",
              "internal": true,
              "text": "CS Basics",
            },
            Object {
              "href": "/standard-degree#Programming",
              "internal": true,
              "text": "Programming",
            },
            Object {
              "href": "/standard-degree#Math",
              "internal": true,
              "text": "Math",
            },
            Object {
              "href": "/standard-degree#Systems",
              "internal": true,
              "text": "Systems",
            },
            Object {
              "href": "/standard-degree#Theory",
              "internal": true,
              "text": "Theory",
            },
            Object {
              "href": "/standard-degree#Applications",
              "internal": true,
              "text": "Applications",
            },
            Object {
              "href": "/standard-degree#Unix",
              "internal": true,
              "text": "Unix",
            },
          ],
          "text": "Standard Degree",
        },
        Object {
          "href": "/python-degree",
          "internal": true,
          "sublinks": Array [
            Object {
              "href": "/standard-degree#CSBasics",
              "internal": true,
              "text": "CS Basics",
            },
            Object {
              "href": "/standard-degree#Programming",
              "internal": true,
              "text": "Programming",
            },
            Object {
              "href": "/standard-degree#Programming(alternative)",
              "internal": true,
              "text": "Programming (alternate)",
            },
            Object {
              "href": "/standard-degree#Math",
              "internal": true,
              "text": "Math",
            },
            Object {
              "href": "/standard-degree#DataScience",
              "internal": true,
              "text": "Data Science",
            },
            Object {
              "href": "/standard-degree#Systems",
              "internal": true,
              "text": "Systems",
            },
            Object {
              "href": "/standard-degree#Theory",
              "internal": true,
              "text": "Theory",
            },
            Object {
              "href": "/standard-degree#Applications",
              "internal": true,
              "text": "Applications",
            },
            Object {
              "href": "/standard-degree#Unix",
              "internal": true,
              "text": "Unix",
            },
          ],
          "text": "Python Degree",
        },
      ]
    }
  />
</section>
`;
